

================================================================
== Vivado HLS Report for 'Block_Mat_exit38593_s'
================================================================
* Date:           Fri Mar 26 13:53:19 2021

* Version:        2018.3 (Build 2405991 on Thu Dec 06 23:56:15 MST 2018)
* Project:        filter2D
* Solution:       solution1
* Product family: zynq
* Target device:  xc7z020clg400-1


================================================================
== Performance Estimates
================================================================
+ Timing (ns): 
    * Summary: 
    +--------+-------+----------+------------+
    |  Clock | Target| Estimated| Uncertainty|
    +--------+-------+----------+------------+
    |ap_clk  |  10.00|     8.510|        1.25|
    +--------+-------+----------+------------+

+ Latency (clock cycles): 
    * Summary: 
    +-----+-----+-----+-----+---------+
    |  Latency  |  Interval | Pipeline|
    | min | max | min | max |   Type  |
    +-----+-----+-----+-----+---------+
    |    2|    2|    2|    2|   none  |
    +-----+-----+-----+-----+---------+

    + Detail: 
        * Instance: 
        N/A

        * Loop: 
        N/A



================================================================
== Utilization Estimates
================================================================
* Summary: 
+-----------------+---------+-------+--------+-------+
|       Name      | BRAM_18K| DSP48E|   FF   |  LUT  |
+-----------------+---------+-------+--------+-------+
|DSP              |        -|      -|       -|      -|
|Expression       |        -|      8|       0|    152|
|FIFO             |        -|      -|       -|      -|
|Instance         |        -|      -|       -|      -|
|Memory           |        -|      -|       -|      -|
|Multiplexer      |        -|      -|       -|     66|
|Register         |        -|      -|      37|      -|
+-----------------+---------+-------+--------+-------+
|Total            |        0|      8|      37|    218|
+-----------------+---------+-------+--------+-------+
|Available        |      280|    220|  106400|  53200|
+-----------------+---------+-------+--------+-------+
|Utilization (%)  |        0|      3|   ~0   |   ~0  |
+-----------------+---------+-------+--------+-------+

+ Detail: 
    * Instance: 
    N/A

    * DSP48: 
    N/A

    * Memory: 
    N/A

    * FIFO: 
    N/A

    * Expression: 
    +-----------------------+----------+-------+---+----+------------+------------+
    |     Variable Name     | Operation| DSP48E| FF| LUT| Bitwidth P0| Bitwidth P1|
    +-----------------------+----------+-------+---+----+------------+------------+
    |packets_fu_156_p2      |     *    |      4|  0|  20|          32|          31|
    |tmp_i_fu_90_p2         |     *    |      4|  0|  20|          32|          32|
    |p_neg_i_fu_114_p2      |     -    |      0|  0|  39|           1|          32|
    |p_neg_t_i_fu_133_p2    |     -    |      0|  0|  38|           1|          31|
    |ap_block_state1        |    or    |      0|  0|   2|           1|           1|
    |ap_block_state3        |    or    |      0|  0|   2|           1|           1|
    |col_packets_fu_142_p3  |  select  |      0|  0|  31|           1|          31|
    +-----------------------+----------+-------+---+----+------------+------------+
    |Total                  |          |      8|  0| 152|          69|         159|
    +-----------------------+----------+-------+---+----+------------+------------+

    * Multiplexer: 
    +--------------------------------+----+-----------+-----+-----------+
    |              Name              | LUT| Input Size| Bits| Total Bits|
    +--------------------------------+----+-----------+-----+-----------+
    |ap_NS_fsm                       |  21|          4|    1|          4|
    |ap_done                         |   9|          2|    1|          2|
    |ap_return                       |   9|          2|   32|         64|
    |col_packets_cast_out_out_blk_n  |   9|          2|    1|          2|
    |col_packets_out_out_blk_n       |   9|          2|    1|          2|
    |real_start                      |   9|          2|    1|          2|
    +--------------------------------+----+-----------+-----+-----------+
    |Total                           |  66|         14|   37|         76|
    +--------------------------------+----+-----------+-----+-----------+

    * Register: 
    +----------------+----+----+-----+-----------+
    |      Name      | FF | LUT| Bits| Const Bits|
    +----------------+----+----+-----+-----------+
    |ap_CS_fsm       |   3|   0|    3|          0|
    |ap_done_reg     |   1|   0|    1|          0|
    |ap_return_preg  |  32|   0|   32|          0|
    |start_once_reg  |   1|   0|    1|          0|
    +----------------+----+----+-----+-----------+
    |Total           |  37|   0|   37|          0|
    +----------------+----+----+-----+-----------+



================================================================
== Interface
================================================================
* Summary: 
+---------------------------------+-----+-----+------------+--------------------------+--------------+
|            RTL Ports            | Dir | Bits|  Protocol  |       Source Object      |    C Type    |
+---------------------------------+-----+-----+------------+--------------------------+--------------+
|ap_clk                           |  in |    1| ap_ctrl_hs |   Block_Mat.exit38593_   | return value |
|ap_rst                           |  in |    1| ap_ctrl_hs |   Block_Mat.exit38593_   | return value |
|ap_start                         |  in |    1| ap_ctrl_hs |   Block_Mat.exit38593_   | return value |
|start_full_n                     |  in |    1| ap_ctrl_hs |   Block_Mat.exit38593_   | return value |
|ap_done                          | out |    1| ap_ctrl_hs |   Block_Mat.exit38593_   | return value |
|ap_continue                      |  in |    1| ap_ctrl_hs |   Block_Mat.exit38593_   | return value |
|ap_idle                          | out |    1| ap_ctrl_hs |   Block_Mat.exit38593_   | return value |
|ap_ready                         | out |    1| ap_ctrl_hs |   Block_Mat.exit38593_   | return value |
|start_out                        | out |    1| ap_ctrl_hs |   Block_Mat.exit38593_   | return value |
|start_write                      | out |    1| ap_ctrl_hs |   Block_Mat.exit38593_   | return value |
|ap_return                        | out |   32| ap_ctrl_hs |   Block_Mat.exit38593_   | return value |
|channels                         |  in |   32|  ap_stable |         channels         |    scalar    |
|cols                             |  in |   32|  ap_stable |           cols           |    scalar    |
|rows                             |  in |   32|  ap_stable |           rows           |    scalar    |
|col_packets_out_out_din          | out |   31|   ap_fifo  |    col_packets_out_out   |    pointer   |
|col_packets_out_out_full_n       |  in |    1|   ap_fifo  |    col_packets_out_out   |    pointer   |
|col_packets_out_out_write        | out |    1|   ap_fifo  |    col_packets_out_out   |    pointer   |
|col_packets_cast_out_out_din     | out |   30|   ap_fifo  | col_packets_cast_out_out |    pointer   |
|col_packets_cast_out_out_full_n  |  in |    1|   ap_fifo  | col_packets_cast_out_out |    pointer   |
|col_packets_cast_out_out_write   | out |    1|   ap_fifo  | col_packets_cast_out_out |    pointer   |
+---------------------------------+-----+-----+------------+--------------------------+--------------+

